// Jest Snapshot v1, https://goo.gl/fbAQLP

exports[`Snapshot BookDetail Snapshot 1`] = `null`;
