// Jest Snapshot v1, https://goo.gl/fbAQLP

exports[`Snapshot SuccesRegister Snapshot 1`] = `null`;
